eeschema (2012-01-19 BZR 3256)-stable  >> Creation date: 18.06.2012 21:29:41

#Cmp ( Sortiert nach Referenz )
| 10C1       100n        
| 11C1       100n        
| 12C1       100n        
| 1C1        100n        
| 1C2        330n        
| 1C6        22p         
| 1D4        74HCT573    
| 1D6        74HCT245    
| 1L1        LED         
| 1R4        220         
| 2C1        100n        
| 2C2        330n        
| 2C6        22p         
| 2D4        74HCT573    
| 2D6        74HCT245    
| 2L1        LED         
| 2R4        220         
| 3C1        100n        
| 3C2        330n        
| 3R4        220         
| 4C1        100n        
| 5C1        100n        
| 6C1        100n        
| 7C1        100n        
| 8C1        100n        
| 9C1        100n        
| C3         100n        
| C4         47u         
| C5         1u          
| D1         ATMEGA1284-P
| D2         MAX3232     
| D3         LM317       
| D5         74HCT138    
| D7         74HCT32     
| D8         74HCT04     
| D9         74HCT03     
| JP1        JUMPER      
| JP2        JUMPER      
| JP3        JUMPER      
| JP4        JUMPER      
| Q1         CRYSTAL     
| R1         1k8         
| R2         3k3         
| R3         10k         
| R5         330         
| R6         4k7         
| R7         4k7         
| SW1        SW_PUSH     
| X1         DB9         
| X2         DB25        
| X3         SD-CON      
| X4         PATA        
#Ende der Komponente

#Komponenten ( Sortiert nach Wert )
| 100n         10C1      
| 100n         11C1      
| 100n         12C1      
| 100n         1C1       
| 100n         2C1       
| 100n         3C1       
| 100n         4C1       
| 100n         5C1       
| 100n         6C1       
| 100n         7C1       
| 100n         8C1       
| 100n         9C1       
| 100n         C3        
| 10k          R3        
| 1k8          R1        
| 1u           C5        
| 220          1R4       
| 220          2R4       
| 220          3R4       
| 22p          1C6       
| 22p          2C6       
| 330          R5        
| 330n         1C2       
| 330n         2C2       
| 330n         3C2       
| 3k3          R2        
| 47u          C4        
| 4k7          R6        
| 4k7          R7        
| 74HCT03      D9        
| 74HCT04      D8        
| 74HCT138     D5        
| 74HCT245     1D6       
| 74HCT245     2D6       
| 74HCT32      D7        
| 74HCT573     1D4       
| 74HCT573     2D4       
| ATMEGA1284-P D1        
| CRYSTAL      Q1        
| DB25         X2        
| DB9          X1        
| JUMPER       JP1       
| JUMPER       JP2       
| JUMPER       JP3       
| JUMPER       JP4       
| LED          1L1       
| LED          2L1       
| LM317        D3        
| MAX3232      D2        
| PATA         X4        
| SD-CON       X3        
| SW_PUSH      SW1       
#Ende der Komponente

#Ende der Liste
